<?xml version="1.0" encoding="UTF-8"?><?xml-model href="metadataWbt-1.2.rnc" type="application/relax-ng-compact-syntax"?><DBLMetadata xmlns:ns0="http://purl.org/dc/xmlns/2008/09/01/dc-ds-xml/" id="2880c78491b2f8ce" revision="3" type="text" typeVersion="1.2" xml:base="http://purl.org/ubs/metadata/dc/terms/"><identification><name ns0:propertyURI="title" /><nameLocal /><abbreviation /><abbreviationLocal /><scope ns0:propertyURI="title/scriptureScope" /><description ns0:propertyURI="description" /><dateCompleted ns0:propertyURI="date" ns0:sesURI="http://purl.org/dc/terms/W3CDTF" /><systemId type="reap" ns0:propertyURI="identifier/reapID" /><systemId type="paratext" ns0:propertyURI="identifier/ptxID" /><systemId type="tms" ns0:propertyURI="identifier/tmsID">seeReap</systemId><bundleProducer /></identification><confidential ns0:propertyURI="accessRights/confidential">false</confidential><agencies><etenPartner>WBT</etenPartner><creator ns0:propertyURI="creator">Wycliffe Inc.</creator><publisher ns0:propertyURI="publisher">Wycliffe Inc.</publisher><contributor ns0:propertyURI="contributor" /></agencies><language><iso ns0:propertyURI="language/iso" ns0:sesURI="http://purl.org/dc/terms/ISO639-3">eng</iso><name ns0:propertyURI="subject/subjectLanguage" ns0:sesURI="http://purl.org/dc/terms/ISO639-3">English</name><ldml ns0:propertyURI="language/ldml">en</ldml><rod ns0:propertyURI="language/rod" /><script ns0:propertyURI="language/script">Latin</script><scriptDirection ns0:propertyURI="language/scriptDirection">LTR</scriptDirection><numerals ns0:propertyURI="language/numerals" /></language><country><iso ns0:propertyURI="coverage/spatial" ns0:sesURI="http://purl.org/dc/terms/ISO3166">US</iso><name ns0:propertyURI="subject/subjectCountry">United States</name></country><type><translationType ns0:propertyURI="type/translationType">Revision</translationType><audience ns0:propertyURI="audience">Common</audience></type><bookNames /><contents ns0:propertyURI="tableOfContents"><bookList id="default"><name /><nameLocal /><abbreviation /><abbreviationLocal /><description /><range>Protestant New Testament (27 books)</range><tradition>Western Protestant order</tradition><division id="NT"><books><book code="MAT" /><book code="MRK" /><book code="LUK" /><book code="JHN" /><book code="ACT" /><book code="ROM" /><book code="1CO" /><book code="2CO" /><book code="GAL" /><book code="EPH" /><book code="PHP" /><book code="COL" /><book code="1TH" /><book code="2TH" /><book code="1TI" /><book code="2TI" /><book code="TIT" /><book code="PHM" /><book code="HEB" /><book code="JAS" /><book code="1PE" /><book code="2PE" /><book code="1JN" /><book code="2JN" /><book code="3JN" /><book code="JUD" /><book code="REV" /></books></division></bookList></contents><contact><rightsHolder ns0:propertyURI="rightsHolder" /><rightsHolderLocal ns0:propertyURI="rightsHolder/contactLocal" /><rightsHolderAbbreviation ns0:propertyURI="rightsHolder/contactAbbreviation" /><rightsHolderURL ns0:propertyURI="rightsHolder/contactURL" /><rightsHolderFacebook ns0:propertyURI="rightsHolder/contactFacebook" /></contact><copyright><statement contentType="xhtml" ns0:propertyURI="rights" /></copyright><promotion><promoVersionInfo contentType="xhtml" ns0:propertyURI="description/pubPromoVersionInfo" /><promoEmail contentType="xhtml" ns0:propertyURI="description/pubPromoEmail" /></promotion><archiveStatus><archivistName ns0:propertyURI="contributor/archivist" /><dateArchived ns0:propertyURI="dateSubmitted" ns0:sesURI="http://purl.org/dc/terms/W3CDTF">2012-03-12T17:51:32.7907868+00:00</dateArchived><dateUpdated ns0:propertyURI="modified" ns0:sesURI="http://purl.org/dc/terms/W3CDTF">2012-03-17T14:21:02.8293104+00:00</dateUpdated><comments ns0:propertyURI="abstract">DBL example bundle</comments></archiveStatus><format ns0:propertyURI="format" ns0:sesURI="http://purl.org/dc/terms/IMT">text/xml</format></DBLMetadata>