<?xml version="1.0" encoding="UTF-8"?><?xml-model href="metadataWbt-1.2.rnc" type="application/relax-ng-compact-syntax"?><DBLMetadata xmlns:ns0="http://purl.org/dc/xmlns/2008/09/01/dc-ds-xml/" id="2880c78491b2f8ce" revision="3" type="text" typeVersion="1.2" xml:base="http://purl.org/ubs/metadata/dc/terms/"><identification><name ns0:propertyURI="title">Da Jesus Book</name><nameLocal>Da Jesus Book</nameLocal><abbreviation>hwcNT</abbreviation><abbreviationLocal>hwcNT</abbreviationLocal><scope ns0:propertyURI="title/scriptureScope">NT</scope><description ns0:propertyURI="description">New Testament in Hawai'i Creole English</description><dateCompleted ns0:propertyURI="date" ns0:sesURI="http://purl.org/dc/terms/W3CDTF">2000</dateCompleted><systemId type="reap" ns0:propertyURI="identifier/reapID">http://www.reap.insitehome.org/handle/9284745/16286</systemId><systemId type="paratext" ns0:propertyURI="identifier/ptxID" /><systemId type="tms" ns0:propertyURI="identifier/tmsID">seeReap</systemId><bundleProducer /></identification><confidential ns0:propertyURI="accessRights/confidential">false</confidential><agencies><etenPartner>WBT</etenPartner><creator ns0:propertyURI="creator">Wycliffe</creator><publisher ns0:propertyURI="publisher">Wycliffe</publisher><contributor ns0:propertyURI="contributor" /></agencies><language><iso ns0:propertyURI="language/iso" ns0:sesURI="http://purl.org/dc/terms/ISO639-3">hwc</iso><name ns0:propertyURI="subject/subjectLanguage" ns0:sesURI="http://purl.org/dc/terms/ISO639-3">Hawai'i Creole English</name><ldml ns0:propertyURI="language/ldml">en</ldml><rod ns0:propertyURI="language/rod"></rod><script ns0:propertyURI="language/script">Latin</script><scriptDirection ns0:propertyURI="language/scriptDirection">LTR</scriptDirection><numerals ns0:propertyURI="language/numerals"></numerals></language><country><iso ns0:propertyURI="coverage/spatial" ns0:sesURI="http://purl.org/dc/terms/ISO3166">US</iso><name ns0:propertyURI="subject/subjectCountry">United States</name></country><type><translationType ns0:propertyURI="type/translationType">First</translationType><audience ns0:propertyURI="audience">Common</audience></type><bookNames /><contents ns0:propertyURI="tableOfContents"><bookList id="default"><name>Da Jesus Book</name><nameLocal>Da Jesus Book</nameLocal><abbreviation>hwcNT</abbreviation><abbreviationLocal>hwcNT</abbreviationLocal><description>NT</description><range>Protestant New Testament (27 books)</range><tradition>Western Protestant order</tradition><division id="NT"><books><book code="MAT" /><book code="MRK" /><book code="LUK" /><book code="JHN" /><book code="ACT" /><book code="ROM" /><book code="1CO" /><book code="2CO" /><book code="GAL" /><book code="EPH" /><book code="PHP" /><book code="COL" /><book code="1TH" /><book code="2TH" /><book code="1TI" /><book code="2TI" /><book code="TIT" /><book code="PHM" /><book code="HEB" /><book code="JAS" /><book code="1PE" /><book code="2PE" /><book code="1JN" /><book code="2JN" /><book code="3JN" /><book code="JUD" /><book code="REV" /></books></division></bookList></contents><contact><rightsHolder ns0:propertyURI="rightsHolder">Wycliffe</rightsHolder><rightsHolderLocal ns0:propertyURI="rightsHolder/contactLocal">Wycliffe</rightsHolderLocal><rightsHolderAbbreviation ns0:propertyURI="rightsHolder/contactAbbreviation">WBT</rightsHolderAbbreviation><rightsHolderURL ns0:propertyURI="rightsHolder/contactURL">http://www.wycliffe.org</rightsHolderURL><rightsHolderFacebook ns0:propertyURI="rightsHolder/contactFacebook">http://www.facebook.com/WycliffeUSA</rightsHolderFacebook></contact><copyright><statement contentType="xhtml" ns0:propertyURI="rights">© 2000, Wycliffe. All rights reserved.</statement></copyright><promotion><promoVersionInfo contentType="xhtml" ns0:propertyURI="description/pubPromoVersionInfo"><p>Name<br />
Description<br />
editions</p>

<h2>Copyright Information</h2>

<p>© 2000, Wycliffe. All rights reserved.</p>


<p>This translation text is made available to you under the
terms of the Creative Commons License: Attribution-Noncommercial-No Derivative Works.
(<a href="http://creativecommons.org/licenses/by-nc-nd/3.0/">http://creativecommons.org/licenses/by-nc-nd/3.0/</a>)
In addition, you have permission to port the text to different file formats, as long as you
do not change any of the text or punctuation of the Bible.</p>

<p>You may share, copy, distribute, transmit, and extract portions
or quotations from this work, provided that you include the above copyright
information:</p>
<ul>
<li>You must give Attribution to the work.</li>
<li>You do not sell this work for a profit.</li>
<li>You do not make any derivative works that change any of the actual words or punctuation of the Scriptures.</li>
</ul>
<p>Permissions beyond the scope of this license may be
available if you <a href="mailto:ScriptureCopyrightPermissions_Intl@Wycliffe.org">contact
us</a> with your request.</p>
<p>Printed book ISBN 0938978217</p>

<p>First edition<br />
<b>The New Testament</b><br />
in <a href="http://www.ethnologue.com/show_language.asp?code=hwc">Hawai'i Creole English</a></p>
</promoVersionInfo><promoEmail contentType="xhtml" ns0:propertyURI="description/pubPromoEmail"><p>Hi YouVersion friend,</p><p>Nice work downloading the <em>Da Jesus Book</em> (New Testament in Hawai'i Creole English) in the Bible App! Now you'll have anytime, anywhere access to God's Word on your mobile device—even if you're outside of service coverage or not connected to the Internet. It also means faster service whenever you read that version since it's stored on your device. Enjoy!</p><p>This download was made possible by Wycliffe. We really appreciate their passion for making the Bible available to millions of people around the world. Because of their generosity, YouVersion users like you can open up the Bible and hear from God no matter where you are. You can learn more about the great things Wycliffe is doing on many fronts by visiting <a href="http://www.wycliffe.org">www.wycliffe.org.</a></p><p>Again, we're glad you downloaded the <em>Da Jesus Book</em> (New Testament in Hawai'i Creole English) and hope it enriches your interaction with God's Word.</p><p>Sincerely,</p><p>Your Friends at YouVersion</p></promoEmail></promotion><archiveStatus><archivistName ns0:propertyURI="contributor/archivist" /><dateArchived ns0:propertyURI="dateSubmitted" ns0:sesURI="http://purl.org/dc/terms/W3CDTF">2012-03-12T17:51:32.7907868+00:00</dateArchived><dateUpdated ns0:propertyURI="modified" ns0:sesURI="http://purl.org/dc/terms/W3CDTF">2012-03-17T14:21:02.8293104+00:00</dateUpdated><comments ns0:propertyURI="abstract">DBL example bundle</comments></archiveStatus><format ns0:propertyURI="format" ns0:sesURI="http://purl.org/dc/terms/IMT">text/xml</format></DBLMetadata>